../Core/Src/main.c:97:6:ADC_Select_CH	32	static
../Core/Src/main.c:238:5:main	16	static
../Core/Src/main.c:336:6:SystemClock_Config	88	static
../Core/Src/main.c:375:6:HAL_UART_RxCpltCallback	16	static
../Core/Src/main.c:383:6:read_us100_dist	8	static
../Core/Src/main.c:399:6:send_dist_to_pc	8	static
../Core/Src/main.c:407:6:step_servo_pulse_width	16	static
../Core/Src/main.c:412:6:get_joystick	8	static
../Core/Src/main.c:432:6:cycle_led	8	static
../Core/Src/main.c:477:6:update_pulse_widths	4	static
../Core/Src/main.c:522:6:Error_Handler	4	static,ignoring_inline_asm
