../Core/Src/main.c:117:5:main	80	static
../Core/Src/main.c:309:6:SystemClock_Config	88	static
../Core/Src/main.c:347:6:HAL_UART_RxCpltCallback	16	static
../Core/Src/main.c:355:6:read_us100_dist	8	static
../Core/Src/main.c:371:6:send_dist_to_pc	8	static
../Core/Src/main.c:379:6:step_servo_pulse_width	16	static
../Core/Src/main.c:384:6:get_joystick	8	static
../Core/Src/main.c:404:6:cycle_led	8	static
../Core/Src/main.c:451:6:set_led	16	static
../Core/Src/main.c:482:6:update_pulse_widths	4	static
../Core/Src/main.c:542:6:toggle_laser	16	static
../Core/Src/main.c:555:6:ADC_Select_CH	32	static
../Core/Src/main.c:691:6:send_bearing_and_distance	16	static
../Core/Src/main.c:702:5:jump	16	static
../Core/Src/main.c:713:6:print_automatic_mode_header	8	static
../Core/Src/main.c:719:5:get_us100_3meas_avg	16	static
../Core/Src/main.c:771:6:Error_Handler	4	static,ignoring_inline_asm
